[     505ms] [LOG] Joy start @ https://fadedculture.com/:4741
[     579ms] [LOG] Streamline theme (6.4.1) by ARCHΞTYPE | Learn more at https://archetypethemes.co @ https://fadedculture.com/cdn/shop/t/13/assets/theme.js?v=178449868439768990821711421400:11
[     889ms] [LOG] %c ► UpPromote Affiliate Marketing [Application] - Running... background-color: #092C4C; color: #fff; padding: 5px; @ https://d1639lhkj5l89m.cloudfront.net/js/storefront/uppromote.js:0
[     917ms] [LOG] This is the documentation for the Kaching Cart API. Use `window.kachingCartApi` to access the API methods. @ https://cdn.shopify.com/extensions/01a0057b-e79e-7182-a98d-ac126bd8adb2/kaching-cart-1408/assets/kaching-cart-utils.js:44
[     917ms] [LOG] Full docs: https://developers.kachingappz.app/cart/storefront-drawer-api/ @ https://cdn.shopify.com/extensions/01a0057b-e79e-7182-a98d-ac126bd8adb2/kaching-cart-1408/assets/kaching-cart-utils.js:44
[     917ms] [LOG] Description: Opens the cart drawer. @ https://cdn.shopify.com/extensions/01a0057b-e79e-7182-a98d-ac126bd8adb2/kaching-cart-1408/assets/kaching-cart-utils.js:44
[     917ms] [LOG] Arguments: {refetchCart: false} @ https://cdn.shopify.com/extensions/01a0057b-e79e-7182-a98d-ac126bd8adb2/kaching-cart-1408/assets/kaching-cart-utils.js:44
[     918ms] [LOG] Returns Promise: No @ https://cdn.shopify.com/extensions/01a0057b-e79e-7182-a98d-ac126bd8adb2/kaching-cart-1408/assets/kaching-cart-utils.js:44
[     918ms] [LOG] Description: Closes the cart drawer @ https://cdn.shopify.com/extensions/01a0057b-e79e-7182-a98d-ac126bd8adb2/kaching-cart-1408/assets/kaching-cart-utils.js:44
[     918ms] [LOG] Returns Promise: No @ https://cdn.shopify.com/extensions/01a0057b-e79e-7182-a98d-ac126bd8adb2/kaching-cart-1408/assets/kaching-cart-utils.js:44
[     918ms] [LOG] Description: Refetches the cart data @ https://cdn.shopify.com/extensions/01a0057b-e79e-7182-a98d-ac126bd8adb2/kaching-cart-1408/assets/kaching-cart-utils.js:44
[     918ms] [LOG] Returns Promise: Yes @ https://cdn.shopify.com/extensions/01a0057b-e79e-7182-a98d-ac126bd8adb2/kaching-cart-1408/assets/kaching-cart-utils.js:44
[     918ms] [LOG] Description: Returns the currently cached cart data synchronously @ https://cdn.shopify.com/extensions/01a0057b-e79e-7182-a98d-ac126bd8adb2/kaching-cart-1408/assets/kaching-cart-utils.js:44
[     918ms] [LOG] Returns Promise: No @ https://cdn.shopify.com/extensions/01a0057b-e79e-7182-a98d-ac126bd8adb2/kaching-cart-1408/assets/kaching-cart-utils.js:44
[     918ms] [LOG] Description: Updates the tiered promotions bar by adding free gifts, discounts, etc. to the cart if needed. If you redirect the user to the checkout right after adding a product to the cart, you can use this method to update the promotions bar. @ https://cdn.shopify.com/extensions/01a0057b-e79e-7182-a98d-ac126bd8adb2/kaching-cart-1408/assets/kaching-cart-utils.js:44
[     918ms] [LOG] Returns Promise: Yes @ https://cdn.shopify.com/extensions/01a0057b-e79e-7182-a98d-ac126bd8adb2/kaching-cart-1408/assets/kaching-cart-utils.js:44
[     918ms] [LOG] Description: Returns the current checkout button handler. You can use this to run custom logic before the default checkout button click handler is executed. Use `setCheckoutButtonClickHandler` to override the default checkout button click handler. @ https://cdn.shopify.com/extensions/01a0057b-e79e-7182-a98d-ac126bd8adb2/kaching-cart-1408/assets/kaching-cart-utils.js:44
[     918ms] [LOG] Returns Promise: No @ https://cdn.shopify.com/extensions/01a0057b-e79e-7182-a98d-ac126bd8adb2/kaching-cart-1408/assets/kaching-cart-utils.js:44
[     918ms] [LOG] Description: Overrides the default checkout button click handler. This is useful if you want to redirect customers to a custom checkout page. Return `true` if the default behavior should continue, `false` if it should not. @ https://cdn.shopify.com/extensions/01a0057b-e79e-7182-a98d-ac126bd8adb2/kaching-cart-1408/assets/kaching-cart-utils.js:44
[     919ms] [LOG] Arguments: {newHandler: } @ https://cdn.shopify.com/extensions/01a0057b-e79e-7182-a98d-ac126bd8adb2/kaching-cart-1408/assets/kaching-cart-utils.js:44
[     919ms] [LOG] Returns Promise: No @ https://cdn.shopify.com/extensions/01a0057b-e79e-7182-a98d-ac126bd8adb2/kaching-cart-1408/assets/kaching-cart-utils.js:44
[    1070ms] [LOG] [UGC Web Pixel] Initializing UGC Attribution Web Pixel @ https://fadedculture.com/web-pixels/strict/app/web-pixel-2598732024@a669bd97c221b9d4062a448fa387dcbc.js:0
[    1071ms] [LOG] [UGC Web Pixel] Creating new visitor ID: 7bd7d428-2fcf-483b-b87f-428a915d66f8 @ https://fadedculture.com/web-pixels/strict/app/web-pixel-2598732024@a669bd97c221b9d4062a448fa387dcbc.js:0
[    1071ms] [LOG] [UGC Web Pixel] Visitor ID cookie set successfully: 7bd7d428-2fcf-483b-b87f-428a915d66f8 @ https://fadedculture.com/web-pixels/strict/app/web-pixel-2598732024@a669bd97c221b9d4062a448fa387dcbc.js:0
[    1072ms] [LOG] [UGC Web Pixel] Created new session: 714c4d7c-27a4-45cc-a744-5f49376e99db @ https://fadedculture.com/web-pixels/strict/app/web-pixel-2598732024@a669bd97c221b9d4062a448fa387dcbc.js:0
[    1072ms] [LOG] [UGC Web Pixel] Session setup complete: {visitorId: 7bd7d428-2fcf-483b-b87f-428a915d66f8, sessionId: 714c4d7c-27a4-45cc-a744-5f49376e99db, isNewVisitor: true, isNewSession: true} @ https://fadedculture.com/web-pixels/strict/app/web-pixel-2598732024@a669bd97c221b9d4062a448fa387dcbc.js:0
[    1072ms] [LOG] [UGC Web Pixel] Session data initialized: {vid: 7bd7d428-2fcf-483b-b87f-428a915d66f8, sessionId: 714c4d7c-27a4-45cc-a744-5f49376e99db, storeId: 5d88e226-47a8-449b-bd78-301440fc50f2, startTime: 1787199603310, landingUrl: https://fadedculture.com/} @ https://fadedculture.com/web-pixels/strict/app/web-pixel-2598732024@a669bd97c221b9d4062a448fa387dcbc.js:0
[    1072ms] [LOG] [UGC Web Pixel] Trybe Attribution Web Pixel initialized successfully @ https://fadedculture.com/web-pixels/strict/app/web-pixel-2598732024@a669bd97c221b9d4062a448fa387dcbc.js:0
[    1120ms] [LOG] Running... @ https://fadedculture.com/web-pixels/strict/app/web-pixel-279281912@7ef89efb3a6f42b1dc9ee59fa2242084.js:0
[    1240ms] [LOG] [UGC Web Pixel] Event queued: page_view {eventId: 4c483890-da25-47fa-b8d7-154fabf63860, name: page_view, timestamp: 2026-08-20T04:20:03.119Z, storeId: 5d88e226-47a8-449b-bd78-301440fc50f2, sessionId: 714c4d7c-27a4-45cc-a744-5f49376e99db} @ https://fadedculture.com/web-pixels/strict/app/web-pixel-2598732024@a669bd97c221b9d4062a448fa387dcbc.js:0
[    1299ms] [WARNING] [Meta Pixel] - Invalid parameter format for currency. Please refer https://developers.facebook.com/docs/meta-pixel/reference/ for valid parameter specifications. @ https://omnisnippet1.com/monitoring/monitoring.js?v=2026-08-20T04:0
[    1811ms] [INFO] Clear-Site-Data header on 'https://fadedculture.com/cart/update.js?kaching-cart=true': Cleared data types: "prefetchCache", "prerenderCache". @ https://fadedculture.com/:0
[    2355ms] [LOG] Third party requested prevention of Bundler checkout @ https://omnisnippet1.com/monitoring/monitoring.js?v=2026-08-20T04:0
[    2554ms] [INFO] Clear-Site-Data header on 'https://fadedculture.com/cart/update.js?kaching-cart=true': Cleared data types: "prefetchCache", "prerenderCache". @ https://fadedculture.com/:0
[    3244ms] [LOG] [UGC Web Pixel] Sending batch of 1 events @ https://fadedculture.com/web-pixels/strict/app/web-pixel-2598732024@a669bd97c221b9d4062a448fa387dcbc.js:0
[    3245ms] [LOG] [UGC Web Pixel] Sending event batch: {storeId: 5d88e226-47a8-449b-bd78-301440fc50f2, vid: 7bd7d428-2fcf-483b-b87f-428a915d66f8, eventCount: 1, endpoint: https://jointrybe.com/attribution/v1/events/batch} @ https://fadedculture.com/web-pixels/strict/app/web-pixel-2598732024@a669bd97c221b9d4062a448fa387dcbc.js:0
[    3430ms] [LOG] [UGC Web Pixel] Events sent successfully: {success: true, data: Object, requestId: 4404d7c0-dfff-41c2-aa90-defbeec180fb} @ https://fadedculture.com/web-pixels/strict/app/web-pixel-2598732024@a669bd97c221b9d4062a448fa387dcbc.js:0
[    3430ms] [LOG] [UGC Web Pixel] ✅ Server reused EXISTING visitor: 7bd7d428-2fcf-483b-b87f-428a915d66f8 @ https://fadedculture.com/web-pixels/strict/app/web-pixel-2598732024@a669bd97c221b9d4062a448fa387dcbc.js:0
